<!DOCTYPE html>
<html lang="en">
<head>
<meta charset="utf-8">
<meta http-equiv="X-UA-Compatible" content="IE=edge">
<meta name="viewport" content="width=device-width, initial-scale=1">
<!-- Latest compiled and minified CSS -->
<link rel="stylesheet" href="https://maxcdn.bootstrapcdn.com/bootstrap/3.3.4/css/bootstrap.min.css">
<!-- Optional theme -->
<link rel="stylesheet" href="https://maxcdn.bootstrapcdn.com/bootstrap/3.3.4/css/bootstrap-theme.min.css">
<!-- Latest compiled and minified JavaScript -->
<script src="https://maxcdn.bootstrapcdn.com/bootstrap/3.3.4/js/bootstrap.min.js"></script>
<style>img { width: 150px; height: auto; }</style>
</head>
<body role="document">
<div class="container theme-showcase" role="main">
<h3>organization nomination expected</h3>
<table>
<tr><td>T</td><td>organization nomination expected</td><td>organization nomination expected</td></tr>
</table><hr><table>
<tr><td>2015-04-10 00:20:47</td><td>WASHINGTON (Reuters) - Hillary Clinton is expected to announce her campaign for the Democratic presidential nomination in 2016 as early as this weekend, facing no substantial competition but needing to get her organization in place for the long battle to come.</td></tr>
<tr><td>2015-04-10 00:20:47</td><td>A variety of sources in the Clinton orbit said they were anticipating an imminent announcement but would not confirm a report in the New York Daily News that the announcement was expected on Sunday.</td></tr>
<tr><td>2015-04-10 00:20:47</td><td>Clinton, the wife of former President Bill Clinton, is the overwhelming favorite for the Democratic nomination and no other major Democratic figure has stepped forward to challenge her, although former Maryland Governor Martin O'Malley has made moves toward a possible campaign.</td></tr>
</table></body></html>